# serializer version: 1
# name: test_gt_highlight_cols
  '''
  <tbody class="gt_table_body">
    <tr>
      <td style="background-color: #80bcd8; color: #000000;font-weight: normal; border-top: 1px solid #80bcd8;border-bottom: 1px solid #80bcd8;" class="gt_row gt_right">0.1111</td>
      <td style="background-color: #80bcd8; color: #000000;font-weight: normal; border-top: 1px solid #80bcd8;border-bottom: 1px solid #80bcd8;" class="gt_row gt_left">apricot</td>
      <td style="background-color: #80bcd8; color: #000000;font-weight: normal; border-top: 1px solid #80bcd8;border-bottom: 1px solid #80bcd8;" class="gt_row gt_left">one</td>
      <td style="background-color: #80bcd8; color: #000000;font-weight: normal; border-top: 1px solid #80bcd8;border-bottom: 1px solid #80bcd8;" class="gt_row gt_right">2015-01-15</td>
      <td style="background-color: #80bcd8; color: #000000;font-weight: normal; border-top: 1px solid #80bcd8;border-bottom: 1px solid #80bcd8;" class="gt_row gt_right">13:35</td>
      <td style="background-color: #80bcd8; color: #000000;font-weight: normal; border-top: 1px solid #80bcd8;border-bottom: 1px solid #80bcd8;" class="gt_row gt_right">2018-01-01 02:22</td>
      <td style="background-color: #80bcd8; color: #000000;font-weight: normal; border-top: 1px solid #80bcd8;border-bottom: 1px solid #80bcd8;" class="gt_row gt_right">49.95</td>
      <td style="background-color: #80bcd8; color: #000000;font-weight: normal; border-top: 1px solid #80bcd8;border-bottom: 1px solid #80bcd8;" class="gt_row gt_left">row_1</td>
      <td style="background-color: #80bcd8; color: #000000;font-weight: normal; border-top: 1px solid #80bcd8;border-bottom: 1px solid #80bcd8;" class="gt_row gt_left">grp_a</td>
    </tr>
    <tr>
      <td style="background-color: #80bcd8; color: #000000;font-weight: normal; border-top: 1px solid #80bcd8;border-bottom: 1px solid #80bcd8;" class="gt_row gt_right">2.222</td>
      <td style="background-color: #80bcd8; color: #000000;font-weight: normal; border-top: 1px solid #80bcd8;border-bottom: 1px solid #80bcd8;" class="gt_row gt_left">banana</td>
      <td style="background-color: #80bcd8; color: #000000;font-weight: normal; border-top: 1px solid #80bcd8;border-bottom: 1px solid #80bcd8;" class="gt_row gt_left">two</td>
      <td style="background-color: #80bcd8; color: #000000;font-weight: normal; border-top: 1px solid #80bcd8;border-bottom: 1px solid #80bcd8;" class="gt_row gt_right">2015-02-15</td>
      <td style="background-color: #80bcd8; color: #000000;font-weight: normal; border-top: 1px solid #80bcd8;border-bottom: 1px solid #80bcd8;" class="gt_row gt_right">14:40</td>
      <td style="background-color: #80bcd8; color: #000000;font-weight: normal; border-top: 1px solid #80bcd8;border-bottom: 1px solid #80bcd8;" class="gt_row gt_right">2018-02-02 14:33</td>
      <td style="background-color: #80bcd8; color: #000000;font-weight: normal; border-top: 1px solid #80bcd8;border-bottom: 1px solid #80bcd8;" class="gt_row gt_right">17.95</td>
      <td style="background-color: #80bcd8; color: #000000;font-weight: normal; border-top: 1px solid #80bcd8;border-bottom: 1px solid #80bcd8;" class="gt_row gt_left">row_2</td>
      <td style="background-color: #80bcd8; color: #000000;font-weight: normal; border-top: 1px solid #80bcd8;border-bottom: 1px solid #80bcd8;" class="gt_row gt_left">grp_a</td>
    </tr>
    <tr>
      <td style="background-color: #80bcd8; color: #000000;font-weight: normal; border-top: 1px solid #80bcd8;border-bottom: 1px solid #80bcd8;" class="gt_row gt_right">33.33</td>
      <td style="background-color: #80bcd8; color: #000000;font-weight: normal; border-top: 1px solid #80bcd8;border-bottom: 1px solid #80bcd8;" class="gt_row gt_left">coconut</td>
      <td style="background-color: #80bcd8; color: #000000;font-weight: normal; border-top: 1px solid #80bcd8;border-bottom: 1px solid #80bcd8;" class="gt_row gt_left">three</td>
      <td style="background-color: #80bcd8; color: #000000;font-weight: normal; border-top: 1px solid #80bcd8;border-bottom: 1px solid #80bcd8;" class="gt_row gt_right">2015-03-15</td>
      <td style="background-color: #80bcd8; color: #000000;font-weight: normal; border-top: 1px solid #80bcd8;border-bottom: 1px solid #80bcd8;" class="gt_row gt_right">15:45</td>
      <td style="background-color: #80bcd8; color: #000000;font-weight: normal; border-top: 1px solid #80bcd8;border-bottom: 1px solid #80bcd8;" class="gt_row gt_right">2018-03-03 03:44</td>
      <td style="background-color: #80bcd8; color: #000000;font-weight: normal; border-top: 1px solid #80bcd8;border-bottom: 1px solid #80bcd8;" class="gt_row gt_right">1.39</td>
      <td style="background-color: #80bcd8; color: #000000;font-weight: normal; border-top: 1px solid #80bcd8;border-bottom: 1px solid #80bcd8;" class="gt_row gt_left">row_3</td>
      <td style="background-color: #80bcd8; color: #000000;font-weight: normal; border-top: 1px solid #80bcd8;border-bottom: 1px solid #80bcd8;" class="gt_row gt_left">grp_a</td>
    </tr>
  </tbody>
  '''
# ---
# name: test_gt_hulk_col_numeric_snap
  '''
  <tbody class="gt_table_body">
    <tr>
      <td style="color: #FFFFFF; background-color: #40004b;" class="gt_row gt_right">0.1111</td>
      <td style="color: #FFFFFF; background-color: #40004b;" class="gt_row gt_left">apricot</td>
      <td style="color: #FFFFFF; background-color: #40004b;" class="gt_row gt_left">one</td>
      <td style="color: #FFFFFF; background-color: #40004b;" class="gt_row gt_right">2015-01-15</td>
      <td style="color: #FFFFFF; background-color: #40004b;" class="gt_row gt_right">13:35</td>
      <td style="color: #FFFFFF; background-color: #40004b;" class="gt_row gt_right">2018-01-01 02:22</td>
      <td style="color: #FFFFFF; background-color: #00441b;" class="gt_row gt_right">49.95</td>
      <td style="color: #FFFFFF; background-color: #40004b;" class="gt_row gt_left">row_1</td>
      <td style="color: #FFFFFF; background-color: #40004b;" class="gt_row gt_left">grp_a</td>
    </tr>
    <tr>
      <td style="color: #FFFFFF; background-color: #621b6f;" class="gt_row gt_right">2.222</td>
      <td style="color: #000000; background-color: #ceb5d7;" class="gt_row gt_left">banana</td>
      <td style="color: #000000; background-color: #ceb5d7;" class="gt_row gt_left">two</td>
      <td style="color: #000000; background-color: #ceb5d7;" class="gt_row gt_right">2015-02-15</td>
      <td style="color: #000000; background-color: #ceb5d7;" class="gt_row gt_right">14:40</td>
      <td style="color: #000000; background-color: #ceb5d7;" class="gt_row gt_right">2018-02-02 14:33</td>
      <td style="color: #000000; background-color: #d1b8d9;" class="gt_row gt_right">17.95</td>
      <td style="color: #000000; background-color: #ceb5d7;" class="gt_row gt_left">row_2</td>
      <td style="color: #FFFFFF; background-color: #40004b;" class="gt_row gt_left">grp_a</td>
    </tr>
    <tr>
      <td style="color: #FFFFFF; background-color: #00441b;" class="gt_row gt_right">33.33</td>
      <td style="color: #000000; background-color: #b7e2b1;" class="gt_row gt_left">coconut</td>
      <td style="color: #000000; background-color: #b7e2b1;" class="gt_row gt_left">three</td>
      <td style="color: #000000; background-color: #b7e2b1;" class="gt_row gt_right">2015-03-15</td>
      <td style="color: #000000; background-color: #b7e2b1;" class="gt_row gt_right">15:45</td>
      <td style="color: #000000; background-color: #b7e2b1;" class="gt_row gt_right">2018-03-03 03:44</td>
      <td style="color: #FFFFFF; background-color: #40004b;" class="gt_row gt_right">1.39</td>
      <td style="color: #000000; background-color: #b7e2b1;" class="gt_row gt_left">row_3</td>
      <td style="color: #FFFFFF; background-color: #40004b;" class="gt_row gt_left">grp_a</td>
    </tr>
  </tbody>
  '''
# ---
